============================= test session starts =============================
platform win32 -- Python 3.10.2, pytest-7.3.1, pluggy-1.0.0 -- C:\Users\aleksisPC\AppData\Local\Programs\Python\Python310\python.exe
cachedir: .pytest_cache
benchmark: 4.0.0 (defaults: timer=time.perf_counter disable_gc=False min_rounds=5 min_time=0.000005 max_time=1.0 calibration_precision=10 warmup=False warmup_iterations=100000)
rootdir: D:\Projects\swef_site
plugins: anyio-3.6.2, asyncio-0.21.0, benchmark-4.0.0, cov-4.0.0, flask-1.3.0, integration-0.2.3, mock-3.10.0, vcr-1.0.2
asyncio: mode=strict
collecting ... collected 1 item

app/tests/test_progression.py::test_full_progression_4_players 
M1: p1 vs p4
M2: p2 vs p3
UF: p1 vs p2
L0: p4 vs p3
L1: p4 vs p2
GF0: p1 vs p2
GF1: p1 vs p2
PASSED

============================== warnings summary ===============================
app/tests/test_progression.py::test_full_progression_4_players
  C:\Users\aleksisPC\AppData\Local\Programs\Python\Python310\lib\site-packages\engineio\async_drivers\eventlet.py:1: DeprecationWarning: 
  Eventlet is deprecated. It is currently being maintained in bugfix mode, and
  we strongly recommend against using it for new projects.
  
  If you are already using Eventlet, we recommend migrating to a different
  framework.  For more detail see
  https://eventlet.readthedocs.io/en/latest/asyncio/migration.html
  
    from eventlet.green.threading import Event

-- Docs: https://docs.pytest.org/en/stable/how-to/capture-warnings.html
======================== 1 passed, 1 warning in 2.23s =========================
